---
source: tests/golden.rs
expression: recording
---
{"data":{"dx":0,"dy":0,"fire":true,"focus":false,"held":0},"dir":"fe>be","tick":1,"type":"Input"}
{"data":{"source":1,"ticks":5},"dir":"be>fe","tick":1,"type":"Telegraph"}
{"data":"f17152a2c4898258","dir":"be>fe","tick":1,"type":"StateHash"}
{"data":{"dx":0,"dy":0,"fire":true,"focus":false,"held":0},"dir":"fe>be","tick":2,"type":"Input"}
{"data":"388337d246a9884d","dir":"be>fe","tick":2,"type":"StateHash"}
{"data":{"dx":0,"dy":0,"fire":true,"focus":false,"held":0},"dir":"fe>be","tick":3,"type":"Input"}
{"data":"3d3cfd09baa6469e","dir":"be>fe","tick":3,"type":"StateHash"}
{"data":{"dx":0,"dy":0,"fire":true,"focus":false,"held":0},"dir":"fe>be","tick":4,"type":"Input"}
{"data":"60abcb1d4f7aa78b","dir":"be>fe","tick":4,"type":"StateHash"}
{"data":{"dx":0,"dy":0,"fire":true,"focus":false,"held":0},"dir":"fe>be","tick":5,"type":"Input"}
{"data":"632bfbb215302d24","dir":"be>fe","tick":5,"type":"StateHash"}
{"data":{"dx":0,"dy":0,"fire":true,"focus":false,"held":0},"dir":"fe>be","tick":6,"type":"Input"}
{"data":"1442b3458395a891","dir":"be>fe","tick":6,"type":"StateHash"}
{"data":{"dx":0,"dy":0,"fire":true,"focus":false,"held":0},"dir":"fe>be","tick":7,"type":"Input"}
{"data":"e5973df1f302796d","dir":"be>fe","tick":7,"type":"StateHash"}
{"data":{"dx":0,"dy":0,"fire":true,"focus":false,"held":0},"dir":"fe>be","tick":8,"type":"Input"}
{"data":"5565ba9bfdc4e31b","dir":"be>fe","tick":8,"type":"StateHash"}
{"data":{"dx":0,"dy":0,"fire":true,"focus":false,"held":0},"dir":"fe>be","tick":9,"type":"Input"}
{"data":"b6ffb371711e2b86","dir":"be>fe","tick":9,"type":"StateHash"}
{"data":{"dx":0,"dy":0,"fire":true,"focus":false,"held":0},"dir":"fe>be","tick":10,"type":"Input"}
{"data":"c3689d9ecc775e80","dir":"be>fe","tick":10,"type":"StateHash"}
{"data":{"dx":0,"dy":0,"fire":true,"focus":false,"held":0},"dir":"fe>be","tick":11,"type":"Input"}
{"data":"dbcee92586461232","dir":"be>fe","tick":11,"type":"StateHash"}
{"data":{"dx":0,"dy":0,"fire":true,"focus":false,"held":0},"dir":"fe>be","tick":12,"type":"Input"}
{"data":"f9ecf6bb1b5e9710","dir":"be>fe","tick":12,"type":"StateHash"}
{"data":{"dx":0,"dy":0,"fire":true,"focus":false,"held":0},"dir":"fe>be","tick":13,"type":"Input"}
{"data":"cee960dce5f186ef","dir":"be>fe","tick":13,"type":"StateHash"}
{"data":{"dx":0,"dy":0,"fire":true,"focus":false,"held":0},"dir":"fe>be","tick":14,"type":"Input"}
{"data":"bd183031288560b6","dir":"be>fe","tick":14,"type":"StateHash"}
{"data":{"dx":0,"dy":0,"fire":true,"focus":false,"held":0},"dir":"fe>be","tick":15,"type":"Input"}
{"data":"c30a4d393ab7dbed","dir":"be>fe","tick":15,"type":"StateHash"}
{"data":{"dx":0,"dy":0,"fire":true,"focus":false,"held":0},"dir":"fe>be","tick":16,"type":"Input"}
{"data":"a41077d8a7c99bb3","dir":"be>fe","tick":16,"type":"StateHash"}
{"data":{"dx":0,"dy":0,"fire":true,"focus":false,"held":0},"dir":"fe>be","tick":17,"type":"Input"}
{"data":"3fe44e910bb63571","dir":"be>fe","tick":17,"type":"StateHash"}
{"data":{"dx":0,"dy":0,"fire":true,"focus":false,"held":0},"dir":"fe>be","tick":18,"type":"Input"}
{"data":"245899b09f1396bf","dir":"be>fe","tick":18,"type":"StateHash"}
{"data":{"dx":0,"dy":0,"fire":true,"focus":false,"held":0},"dir":"fe>be","tick":19,"type":"Input"}
{"data":"0baa6c21ff2e304b","dir":"be>fe","tick":19,"type":"StateHash"}
{"data":{"dx":0,"dy":0,"fire":true,"focus":false,"held":0},"dir":"fe>be","tick":20,"type":"Input"}
{"data":"05854c29047c5329","dir":"be>fe","tick":20,"type":"StateHash"}
{"data":{"dx":0,"dy":0,"fire":true,"focus":false,"held":0},"dir":"fe>be","tick":21,"type":"Input"}
{"data":{"source":1,"ticks":5},"dir":"be>fe","tick":21,"type":"Telegraph"}
{"data":"4884c1acb0d84a60","dir":"be>fe","tick":21,"type":"StateHash"}
{"data":{"dx":0,"dy":0,"fire":true,"focus":false,"held":0},"dir":"fe>be","tick":22,"type":"Input"}
{"data":"20e0c981cd8c5100","dir":"be>fe","tick":22,"type":"StateHash"}
{"data":{"dx":0,"dy":0,"fire":true,"focus":false,"held":0},"dir":"fe>be","tick":23,"type":"Input"}
{"data":"46c67c2a060d0000","dir":"be>fe","tick":23,"type":"StateHash"}
{"data":{"dx":0,"dy":0,"fire":true,"focus":false,"held":0},"dir":"fe>be","tick":24,"type":"Input"}
{"data":"ac38d59fc57382a0","dir":"be>fe","tick":24,"type":"StateHash"}
{"data":{"dx":0,"dy":0,"fire":true,"focus":false,"held":0},"dir":"fe>be","tick":25,"type":"Input"}
{"data":"765d01f8b9c500a4","dir":"be>fe","tick":25,"type":"StateHash"}
{"data":{"dx":0,"dy":0,"fire":true,"focus":false,"held":0},"dir":"fe>be","tick":26,"type":"Input"}
{"data":"2738c212e4a8e812","dir":"be>fe","tick":26,"type":"StateHash"}
{"data":{"dx":0,"dy":0,"fire":true,"focus":false,"held":0},"dir":"fe>be","tick":27,"type":"Input"}
{"data":"a45ee0aeb1760b0b","dir":"be>fe","tick":27,"type":"StateHash"}
{"data":{"dx":0,"dy":0,"fire":true,"focus":false,"held":0},"dir":"fe>be","tick":28,"type":"Input"}
{"data":"d35f5cd435bbdfc9","dir":"be>fe","tick":28,"type":"StateHash"}
{"data":{"dx":0,"dy":0,"fire":true,"focus":false,"held":0},"dir":"fe>be","tick":29,"type":"Input"}
{"data":"0c3d528986f52f43","dir":"be>fe","tick":29,"type":"StateHash"}
{"data":{"dx":0,"dy":0,"fire":true,"focus":false,"held":0},"dir":"fe>be","tick":30,"type":"Input"}
{"data":"e633f952a9c31692","dir":"be>fe","tick":30,"type":"StateHash"}
{"data":{"dx":0,"dy":0,"fire":true,"focus":false,"held":0},"dir":"fe>be","tick":31,"type":"Input"}
{"data":"f036876fded5bdf4","dir":"be>fe","tick":31,"type":"StateHash"}
{"data":{"dx":0,"dy":0,"fire":true,"focus":false,"held":0},"dir":"fe>be","tick":32,"type":"Input"}
{"data":"724a915c518b9922","dir":"be>fe","tick":32,"type":"StateHash"}
{"data":{"dx":0,"dy":0,"fire":true,"focus":false,"held":0},"dir":"fe>be","tick":33,"type":"Input"}
{"data":{"damage":10,"source":0,"target":2},"dir":"be>fe","tick":33,"type":"Hit"}
{"data":"29022de6592b4cd7","dir":"be>fe","tick":33,"type":"StateHash"}
{"data":{"dx":0,"dy":0,"fire":true,"focus":false,"held":0},"dir":"fe>be","tick":34,"type":"Input"}
{"data":"ce63eab8a201a6e6","dir":"be>fe","tick":34,"type":"StateHash"}
{"data":{"dx":0,"dy":0,"fire":true,"focus":false,"held":0},"dir":"fe>be","tick":35,"type":"Input"}
{"data":"dbf63cb085716881","dir":"be>fe","tick":35,"type":"StateHash"}
{"data":{"dx":0,"dy":0,"fire":true,"focus":false,"held":0},"dir":"fe>be","tick":36,"type":"Input"}
{"data":"49f001cfcc07437a","dir":"be>fe","tick":36,"type":"StateHash"}
{"data":{"dx":0,"dy":0,"fire":true,"focus":false,"held":0},"dir":"fe>be","tick":37,"type":"Input"}
{"data":"30f5155429da71e6","dir":"be>fe","tick":37,"type":"StateHash"}
{"data":{"dx":0,"dy":0,"fire":true,"focus":false,"held":0},"dir":"fe>be","tick":38,"type":"Input"}
{"data":"9b04391455d15dfe","dir":"be>fe","tick":38,"type":"StateHash"}
{"data":{"dx":0,"dy":0,"fire":true,"focus":false,"held":0},"dir":"fe>be","tick":39,"type":"Input"}
{"data":{"damage":10,"source":0,"target":2},"dir":"be>fe","tick":39,"type":"Hit"}
{"data":"7c66f167c922dbd8","dir":"be>fe","tick":39,"type":"StateHash"}
{"data":{"dx":0,"dy":0,"fire":true,"focus":false,"held":0},"dir":"fe>be","tick":40,"type":"Input"}
{"data":{"source":1,"ticks":1},"dir":"be>fe","tick":40,"type":"Telegraph"}
{"data":{"agent":1,"rule":0,"target":1},"dir":"be>fe","tick":40,"type":"RuleFired"}
{"data":"a04f055a24f6c42a","dir":"be>fe","tick":40,"type":"StateHash"}
{"data":{"dx":0,"dy":0,"fire":true,"focus":false,"held":0},"dir":"fe>be","tick":41,"type":"Input"}
{"data":{"source":1,"ticks":5},"dir":"be>fe","tick":41,"type":"Telegraph"}
{"data":{"source":1,"ticks":1},"dir":"be>fe","tick":41,"type":"Telegraph"}
{"data":{"agent":1,"rule":0,"target":1},"dir":"be>fe","tick":41,"type":"RuleFired"}
{"data":"9550546f21680a9a","dir":"be>fe","tick":41,"type":"StateHash"}
{"data":{"dx":0,"dy":0,"fire":true,"focus":false,"held":0},"dir":"fe>be","tick":42,"type":"Input"}
{"data":{"source":1,"ticks":1},"dir":"be>fe","tick":42,"type":"Telegraph"}
{"data":{"agent":1,"rule":0,"target":1},"dir":"be>fe","tick":42,"type":"RuleFired"}
{"data":"46ec33590cab13a8","dir":"be>fe","tick":42,"type":"StateHash"}
{"data":{"dx":0,"dy":0,"fire":true,"focus":false,"held":0},"dir":"fe>be","tick":43,"type":"Input"}
{"data":{"source":1,"ticks":1},"dir":"be>fe","tick":43,"type":"Telegraph"}
{"data":{"agent":1,"rule":0,"target":1},"dir":"be>fe","tick":43,"type":"RuleFired"}
{"data":"0f0f8629c2372c9a","dir":"be>fe","tick":43,"type":"StateHash"}
{"data":{"dx":0,"dy":0,"fire":true,"focus":false,"held":0},"dir":"fe>be","tick":44,"type":"Input"}
{"data":{"source":1,"ticks":1},"dir":"be>fe","tick":44,"type":"Telegraph"}
{"data":{"agent":1,"rule":0,"target":1},"dir":"be>fe","tick":44,"type":"RuleFired"}
{"data":"7d1a85bc702b9428","dir":"be>fe","tick":44,"type":"StateHash"}
{"data":{"dx":0,"dy":0,"fire":true,"focus":false,"held":0},"dir":"fe>be","tick":45,"type":"Input"}
{"data":{"source":1,"ticks":1},"dir":"be>fe","tick":45,"type":"Telegraph"}
{"data":{"agent":1,"rule":0,"target":1},"dir":"be>fe","tick":45,"type":"RuleFired"}
{"data":{"damage":10,"source":0,"target":2},"dir":"be>fe","tick":45,"type":"Hit"}
{"data":{"part":"horn"},"dir":"be>fe","tick":45,"type":"PartBroken"}
{"data":"f6a3c4a977179bfc","dir":"be>fe","tick":45,"type":"StateHash"}
{"data":{"dx":0,"dy":0,"fire":true,"focus":false,"held":0},"dir":"fe>be","tick":46,"type":"Input"}
{"data":{"phase":1},"dir":"be>fe","tick":46,"type":"PhaseChanged"}
{"data":"2c55d2ec626adb45","dir":"be>fe","tick":46,"type":"StateHash"}
{"data":{"dx":0,"dy":0,"fire":true,"focus":false,"held":0},"dir":"fe>be","tick":47,"type":"Input"}
{"data":"2ee0b13cbc8668af","dir":"be>fe","tick":47,"type":"StateHash"}
{"data":{"dx":0,"dy":0,"fire":true,"focus":false,"held":0},"dir":"fe>be","tick":48,"type":"Input"}
{"data":"0caaa603424b6c01","dir":"be>fe","tick":48,"type":"StateHash"}
{"data":{"dx":0,"dy":0,"fire":true,"focus":false,"held":0},"dir":"fe>be","tick":49,"type":"Input"}
{"data":"283f4fe27819f639","dir":"be>fe","tick":49,"type":"StateHash"}
{"data":{"dx":0,"dy":0,"fire":true,"focus":false,"held":0},"dir":"fe>be","tick":50,"type":"Input"}
{"data":"26e7dbc5a947fc6c","dir":"be>fe","tick":50,"type":"StateHash"}
{"data":{"dx":0,"dy":0,"fire":true,"focus":false,"held":0},"dir":"fe>be","tick":51,"type":"Input"}
{"data":"fce212577ca27dcd","dir":"be>fe","tick":51,"type":"StateHash"}
{"data":{"dx":0,"dy":0,"fire":true,"focus":false,"held":0},"dir":"fe>be","tick":52,"type":"Input"}
{"data":"5b491cf71c1b89cf","dir":"be>fe","tick":52,"type":"StateHash"}
{"data":{"dx":0,"dy":0,"fire":true,"focus":false,"held":0},"dir":"fe>be","tick":53,"type":"Input"}
{"data":"0c877157c00d27c0","dir":"be>fe","tick":53,"type":"StateHash"}
{"data":{"dx":0,"dy":0,"fire":true,"focus":false,"held":0},"dir":"fe>be","tick":54,"type":"Input"}
{"data":"0d194d18b8bc7c6c","dir":"be>fe","tick":54,"type":"StateHash"}
{"data":{"dx":0,"dy":0,"fire":true,"focus":false,"held":0},"dir":"fe>be","tick":55,"type":"Input"}
{"data":"97be3fd4bdd96293","dir":"be>fe","tick":55,"type":"StateHash"}
{"data":{"dx":0,"dy":0,"fire":true,"focus":false,"held":0},"dir":"fe>be","tick":56,"type":"Input"}
{"data":"7f2e24bea20445b8","dir":"be>fe","tick":56,"type":"StateHash"}
{"data":{"dx":0,"dy":0,"fire":true,"focus":false,"held":0},"dir":"fe>be","tick":57,"type":"Input"}
{"data":{"damage":10,"source":0,"target":1},"dir":"be>fe","tick":57,"type":"Hit"}
{"data":"dfea9dd6d5c56f08","dir":"be>fe","tick":57,"type":"StateHash"}
{"data":{"dx":0,"dy":0,"fire":true,"focus":false,"held":0},"dir":"fe>be","tick":58,"type":"Input"}
{"data":"82ff9d4e271a92f7","dir":"be>fe","tick":58,"type":"StateHash"}
{"data":{"dx":0,"dy":0,"fire":true,"focus":false,"held":0},"dir":"fe>be","tick":59,"type":"Input"}
{"data":"3a8c1ab24f1c8adf","dir":"be>fe","tick":59,"type":"StateHash"}
{"data":{"dx":0,"dy":0,"fire":true,"focus":false,"held":0},"dir":"fe>be","tick":60,"type":"Input"}
{"data":"f04880e4e2c3074a","dir":"be>fe","tick":60,"type":"StateHash"}
{"data":{"dx":0,"dy":0,"fire":true,"focus":false,"held":0},"dir":"fe>be","tick":61,"type":"Input"}
{"data":"29892aa4f01a435d","dir":"be>fe","tick":61,"type":"StateHash"}
{"data":{"dx":0,"dy":0,"fire":true,"focus":false,"held":0},"dir":"fe>be","tick":62,"type":"Input"}
{"data":"e8b6180dd4a35d77","dir":"be>fe","tick":62,"type":"StateHash"}
{"data":{"dx":0,"dy":0,"fire":true,"focus":false,"held":0},"dir":"fe>be","tick":63,"type":"Input"}
{"data":{"damage":10,"source":0,"target":1},"dir":"be>fe","tick":63,"type":"Hit"}
{"data":"f241f76acde89992","dir":"be>fe","tick":63,"type":"StateHash"}
{"data":{"dx":0,"dy":0,"fire":true,"focus":false,"held":0},"dir":"fe>be","tick":64,"type":"Input"}
{"data":"7715d4dfcb580b8f","dir":"be>fe","tick":64,"type":"StateHash"}
{"data":{"dx":0,"dy":0,"fire":true,"focus":false,"held":0},"dir":"fe>be","tick":65,"type":"Input"}
{"data":"4b4bcf5f1486d9e8","dir":"be>fe","tick":65,"type":"StateHash"}
{"data":{"dx":0,"dy":0,"fire":true,"focus":false,"held":0},"dir":"fe>be","tick":66,"type":"Input"}
{"data":"8ca304be8448c772","dir":"be>fe","tick":66,"type":"StateHash"}
{"data":{"dx":0,"dy":0,"fire":true,"focus":false,"held":0},"dir":"fe>be","tick":67,"type":"Input"}
{"data":"c7003be83c574e5d","dir":"be>fe","tick":67,"type":"StateHash"}
{"data":{"dx":0,"dy":0,"fire":true,"focus":false,"held":0},"dir":"fe>be","tick":68,"type":"Input"}
{"data":"389a8d7f5786c57d","dir":"be>fe","tick":68,"type":"StateHash"}
{"data":{"dx":0,"dy":0,"fire":true,"focus":false,"held":0},"dir":"fe>be","tick":69,"type":"Input"}
{"data":{"damage":10,"source":0,"target":1},"dir":"be>fe","tick":69,"type":"Hit"}
{"data":"2b512b60a34ded05","dir":"be>fe","tick":69,"type":"StateHash"}
{"data":{"dx":0,"dy":0,"fire":true,"focus":false,"held":0},"dir":"fe>be","tick":70,"type":"Input"}
{"data":"42331e0b2e79d445","dir":"be>fe","tick":70,"type":"StateHash"}
{"data":{"dx":0,"dy":0,"fire":true,"focus":false,"held":0},"dir":"fe>be","tick":71,"type":"Input"}
{"data":"92f60f262c284271","dir":"be>fe","tick":71,"type":"StateHash"}
{"data":{"dx":0,"dy":0,"fire":true,"focus":false,"held":0},"dir":"fe>be","tick":72,"type":"Input"}
{"data":"c56e1e24b473494d","dir":"be>fe","tick":72,"type":"StateHash"}
{"data":{"dx":0,"dy":0,"fire":true,"focus":false,"held":0},"dir":"fe>be","tick":73,"type":"Input"}
{"data":"f3705b3124fb3c17","dir":"be>fe","tick":73,"type":"StateHash"}
{"data":{"dx":0,"dy":0,"fire":true,"focus":false,"held":0},"dir":"fe>be","tick":74,"type":"Input"}
{"data":"2ca173d712581854","dir":"be>fe","tick":74,"type":"StateHash"}
{"data":{"dx":0,"dy":0,"fire":true,"focus":false,"held":0},"dir":"fe>be","tick":75,"type":"Input"}
{"data":{"damage":10,"source":0,"target":1},"dir":"be>fe","tick":75,"type":"Hit"}
{"data":"58e4bf997a3cfa40","dir":"be>fe","tick":75,"type":"StateHash"}
{"data":{"dx":0,"dy":0,"fire":true,"focus":false,"held":0},"dir":"fe>be","tick":76,"type":"Input"}
{"data":"90a8c6d3b1034495","dir":"be>fe","tick":76,"type":"StateHash"}
{"data":{"dx":0,"dy":0,"fire":true,"focus":false,"held":0},"dir":"fe>be","tick":77,"type":"Input"}
{"data":"ce4951c369a91b90","dir":"be>fe","tick":77,"type":"StateHash"}
{"data":{"dx":0,"dy":0,"fire":true,"focus":false,"held":0},"dir":"fe>be","tick":78,"type":"Input"}
{"data":"3c3ddf87339c2b3f","dir":"be>fe","tick":78,"type":"StateHash"}
{"data":{"dx":0,"dy":0,"fire":true,"focus":false,"held":0},"dir":"fe>be","tick":79,"type":"Input"}
{"data":"cc58f77f1fd07b60","dir":"be>fe","tick":79,"type":"StateHash"}
{"data":{"dx":0,"dy":0,"fire":true,"focus":false,"held":0},"dir":"fe>be","tick":80,"type":"Input"}
{"data":"8b2fb9088e642da4","dir":"be>fe","tick":80,"type":"StateHash"}
{"data":{"dx":0,"dy":0,"fire":true,"focus":false,"held":0},"dir":"fe>be","tick":81,"type":"Input"}
{"data":{"damage":10,"source":0,"target":1},"dir":"be>fe","tick":81,"type":"Hit"}
{"data":"7ab2debeaf0ecf2d","dir":"be>fe","tick":81,"type":"StateHash"}
{"data":{"dx":0,"dy":0,"fire":true,"focus":false,"held":0},"dir":"fe>be","tick":82,"type":"Input"}
{"data":"23af087d95d4515f","dir":"be>fe","tick":82,"type":"StateHash"}
{"data":{"dx":0,"dy":0,"fire":true,"focus":false,"held":0},"dir":"fe>be","tick":83,"type":"Input"}
{"data":"01e6d3966af85c48","dir":"be>fe","tick":83,"type":"StateHash"}
{"data":{"dx":0,"dy":0,"fire":true,"focus":false,"held":0},"dir":"fe>be","tick":84,"type":"Input"}
{"data":"40f295b13d96bc00","dir":"be>fe","tick":84,"type":"StateHash"}
{"data":{"dx":0,"dy":0,"fire":true,"focus":false,"held":0},"dir":"fe>be","tick":85,"type":"Input"}
{"data":"5cb42519ba66ab2e","dir":"be>fe","tick":85,"type":"StateHash"}
{"data":{"dx":0,"dy":0,"fire":true,"focus":false,"held":0},"dir":"fe>be","tick":86,"type":"Input"}
{"data":"0610523a1b5804c8","dir":"be>fe","tick":86,"type":"StateHash"}
{"data":{"dx":0,"dy":0,"fire":true,"focus":false,"held":0},"dir":"fe>be","tick":87,"type":"Input"}
{"data":{"damage":10,"source":0,"target":1},"dir":"be>fe","tick":87,"type":"Hit"}
{"data":"90b75cb02eb10fb8","dir":"be>fe","tick":87,"type":"StateHash"}
{"data":{"dx":0,"dy":0,"fire":true,"focus":false,"held":0},"dir":"fe>be","tick":88,"type":"Input"}
{"data":"95043985987e3211","dir":"be>fe","tick":88,"type":"StateHash"}
{"data":{"dx":0,"dy":0,"fire":true,"focus":false,"held":0},"dir":"fe>be","tick":89,"type":"Input"}
{"data":"e078cab75f000b69","dir":"be>fe","tick":89,"type":"StateHash"}
{"data":{"dx":0,"dy":0,"fire":true,"focus":false,"held":0},"dir":"fe>be","tick":90,"type":"Input"}
{"data":"bb695987970b7a6e","dir":"be>fe","tick":90,"type":"StateHash"}
{"data":{"dx":0,"dy":0,"fire":true,"focus":false,"held":0},"dir":"fe>be","tick":91,"type":"Input"}
{"data":"0772d8fc143744db","dir":"be>fe","tick":91,"type":"StateHash"}
{"data":{"dx":0,"dy":0,"fire":true,"focus":false,"held":0},"dir":"fe>be","tick":92,"type":"Input"}
{"data":"4a8b890ad76a73fa","dir":"be>fe","tick":92,"type":"StateHash"}
{"data":{"dx":0,"dy":0,"fire":true,"focus":false,"held":0},"dir":"fe>be","tick":93,"type":"Input"}
{"data":{"damage":10,"source":0,"target":1},"dir":"be>fe","tick":93,"type":"Hit"}
{"data":"22e13dbdc563cec7","dir":"be>fe","tick":93,"type":"StateHash"}
{"data":{"dx":0,"dy":0,"fire":true,"focus":false,"held":0},"dir":"fe>be","tick":94,"type":"Input"}
{"data":"cc95a055d3969cfc","dir":"be>fe","tick":94,"type":"StateHash"}
{"data":{"dx":0,"dy":0,"fire":true,"focus":false,"held":0},"dir":"fe>be","tick":95,"type":"Input"}
{"data":"4e939acee968b247","dir":"be>fe","tick":95,"type":"StateHash"}
{"data":{"dx":0,"dy":0,"fire":true,"focus":false,"held":0},"dir":"fe>be","tick":96,"type":"Input"}
{"data":"ae79f92f1f188903","dir":"be>fe","tick":96,"type":"StateHash"}
{"data":{"dx":0,"dy":0,"fire":true,"focus":false,"held":0},"dir":"fe>be","tick":97,"type":"Input"}
{"data":"eba1595b4934f848","dir":"be>fe","tick":97,"type":"StateHash"}
{"data":{"dx":0,"dy":0,"fire":true,"focus":false,"held":0},"dir":"fe>be","tick":98,"type":"Input"}
{"data":"9ded067e12f111b6","dir":"be>fe","tick":98,"type":"StateHash"}
{"data":{"dx":0,"dy":0,"fire":true,"focus":false,"held":0},"dir":"fe>be","tick":99,"type":"Input"}
{"data":{"damage":10,"source":0,"target":1},"dir":"be>fe","tick":99,"type":"Hit"}
{"data":"aaa926a3c68cfaa4","dir":"be>fe","tick":99,"type":"StateHash"}
{"data":{"dx":0,"dy":0,"fire":true,"focus":false,"held":0},"dir":"fe>be","tick":100,"type":"Input"}
{"data":"414cdc918ce57ea8","dir":"be>fe","tick":100,"type":"StateHash"}
{"data":{"dx":0,"dy":0,"fire":true,"focus":false,"held":0},"dir":"fe>be","tick":101,"type":"Input"}
{"data":"36bd966acc9f14ab","dir":"be>fe","tick":101,"type":"StateHash"}
{"data":{"dx":0,"dy":0,"fire":true,"focus":false,"held":0},"dir":"fe>be","tick":102,"type":"Input"}
{"data":"6ec7c6c886b87a93","dir":"be>fe","tick":102,"type":"StateHash"}
{"data":{"dx":0,"dy":0,"fire":true,"focus":false,"held":0},"dir":"fe>be","tick":103,"type":"Input"}
{"data":"5034ab5117401ea1","dir":"be>fe","tick":103,"type":"StateHash"}
{"data":{"dx":0,"dy":0,"fire":true,"focus":false,"held":0},"dir":"fe>be","tick":104,"type":"Input"}
{"data":"dc7e5f3e0e829300","dir":"be>fe","tick":104,"type":"StateHash"}
{"data":{"dx":0,"dy":0,"fire":true,"focus":false,"held":0},"dir":"fe>be","tick":105,"type":"Input"}
{"data":{"damage":10,"source":0,"target":1},"dir":"be>fe","tick":105,"type":"Hit"}
{"data":"ba8fb561f737094c","dir":"be>fe","tick":105,"type":"StateHash"}
{"data":{"dx":0,"dy":0,"fire":true,"focus":false,"held":0},"dir":"fe>be","tick":106,"type":"Input"}
{"data":"4631841808bfae8b","dir":"be>fe","tick":106,"type":"StateHash"}
{"data":{"dx":0,"dy":0,"fire":true,"focus":false,"held":0},"dir":"fe>be","tick":107,"type":"Input"}
{"data":"98e90b0963326730","dir":"be>fe","tick":107,"type":"StateHash"}
{"data":{"dx":0,"dy":0,"fire":true,"focus":false,"held":0},"dir":"fe>be","tick":108,"type":"Input"}
{"data":"ffa9232a67588cd9","dir":"be>fe","tick":108,"type":"StateHash"}
{"data":{"dx":0,"dy":0,"fire":true,"focus":false,"held":0},"dir":"fe>be","tick":109,"type":"Input"}
{"data":"1ab5ec7f3fc8759b","dir":"be>fe","tick":109,"type":"StateHash"}
{"data":{"dx":0,"dy":0,"fire":true,"focus":false,"held":0},"dir":"fe>be","tick":110,"type":"Input"}
{"data":"0c82bdac2e9393fa","dir":"be>fe","tick":110,"type":"StateHash"}
{"data":{"dx":0,"dy":0,"fire":true,"focus":false,"held":0},"dir":"fe>be","tick":111,"type":"Input"}
{"data":{"damage":10,"source":0,"target":1},"dir":"be>fe","tick":111,"type":"Hit"}
{"data":{"entity":1},"dir":"be>fe","tick":111,"type":"Died"}
{"dir":"be>fe","tick":111,"type":"StageCleared"}
{"data":"cffe1569deb0e06b","dir":"be>fe","tick":111,"type":"StateHash"}
