---
source: tests/golden.rs
expression: recording
---
{"data":{"dx":0,"dy":0,"fire":true,"focus":false,"held":0},"dir":"fe>be","tick":1,"type":"Input"}
{"data":{"agent":2,"rule":2,"target":0},"dir":"be>fe","tick":1,"type":"RuleFired"}
{"data":"018ff51a34d3810e","dir":"be>fe","tick":1,"type":"StateHash"}
{"data":{"dx":0,"dy":0,"fire":true,"focus":false,"held":0},"dir":"fe>be","tick":2,"type":"Input"}
{"data":"bc7b7a45c673b9df","dir":"be>fe","tick":2,"type":"StateHash"}
{"data":{"dx":0,"dy":0,"fire":true,"focus":false,"held":0},"dir":"fe>be","tick":3,"type":"Input"}
{"data":"712e8482b3703838","dir":"be>fe","tick":3,"type":"StateHash"}
{"data":{"dx":0,"dy":0,"fire":true,"focus":false,"held":0},"dir":"fe>be","tick":4,"type":"Input"}
{"data":"d4f8457902f444f1","dir":"be>fe","tick":4,"type":"StateHash"}
{"data":{"dx":0,"dy":0,"fire":true,"focus":false,"held":0},"dir":"fe>be","tick":5,"type":"Input"}
{"data":"47635a0af7b6fe4a","dir":"be>fe","tick":5,"type":"StateHash"}
{"data":{"dx":0,"dy":0,"fire":true,"focus":false,"held":0},"dir":"fe>be","tick":6,"type":"Input"}
{"data":"38654a72c2f06033","dir":"be>fe","tick":6,"type":"StateHash"}
{"data":{"dx":0,"dy":0,"fire":true,"focus":false,"held":0},"dir":"fe>be","tick":7,"type":"Input"}
{"data":"ba90c2306215004e","dir":"be>fe","tick":7,"type":"StateHash"}
{"data":{"dx":0,"dy":0,"fire":true,"focus":false,"held":0},"dir":"fe>be","tick":8,"type":"Input"}
{"data":"3b337a9ad0b31a52","dir":"be>fe","tick":8,"type":"StateHash"}
{"data":{"dx":0,"dy":0,"fire":true,"focus":false,"held":0},"dir":"fe>be","tick":9,"type":"Input"}
{"data":"035101efa14f0f92","dir":"be>fe","tick":9,"type":"StateHash"}
{"data":{"dx":0,"dy":0,"fire":true,"focus":false,"held":0},"dir":"fe>be","tick":10,"type":"Input"}
{"data":"af46c12bf15d9127","dir":"be>fe","tick":10,"type":"StateHash"}
{"data":{"dx":0,"dy":0,"fire":true,"focus":false,"held":0},"dir":"fe>be","tick":11,"type":"Input"}
{"data":{"source":2,"ticks":1},"dir":"be>fe","tick":11,"type":"Telegraph"}
{"data":{"agent":2,"rule":0,"target":0},"dir":"be>fe","tick":11,"type":"RuleFired"}
{"data":"32ff999e9f43a087","dir":"be>fe","tick":11,"type":"StateHash"}
{"data":{"dx":0,"dy":0,"fire":true,"focus":false,"held":0},"dir":"fe>be","tick":12,"type":"Input"}
{"data":"a25f53ec2e41bffe","dir":"be>fe","tick":12,"type":"StateHash"}
{"data":{"dx":0,"dy":0,"fire":true,"focus":false,"held":0},"dir":"fe>be","tick":13,"type":"Input"}
{"data":{"agent":2,"rule":2,"target":0},"dir":"be>fe","tick":13,"type":"RuleFired"}
{"data":"e9ed9b87466408be","dir":"be>fe","tick":13,"type":"StateHash"}
{"data":{"dx":0,"dy":0,"fire":true,"focus":false,"held":0},"dir":"fe>be","tick":14,"type":"Input"}
{"data":"85be549ae63fca8c","dir":"be>fe","tick":14,"type":"StateHash"}
{"data":{"dx":0,"dy":0,"fire":true,"focus":false,"held":0},"dir":"fe>be","tick":15,"type":"Input"}
{"data":"4a18c1e1814bc5c5","dir":"be>fe","tick":15,"type":"StateHash"}
{"data":{"dx":0,"dy":0,"fire":true,"focus":false,"held":0},"dir":"fe>be","tick":16,"type":"Input"}
{"data":"dd8ad7868868d4a3","dir":"be>fe","tick":16,"type":"StateHash"}
{"data":{"dx":0,"dy":0,"fire":true,"focus":false,"held":0},"dir":"fe>be","tick":17,"type":"Input"}
{"data":"ca2b9f78285aae09","dir":"be>fe","tick":17,"type":"StateHash"}
{"data":{"dx":0,"dy":0,"fire":true,"focus":false,"held":0},"dir":"fe>be","tick":18,"type":"Input"}
{"data":"4df2061c1d1ed593","dir":"be>fe","tick":18,"type":"StateHash"}
{"data":{"dx":0,"dy":0,"fire":true,"focus":false,"held":0},"dir":"fe>be","tick":19,"type":"Input"}
{"data":"3f497f78b519d0e5","dir":"be>fe","tick":19,"type":"StateHash"}
{"data":{"dx":0,"dy":0,"fire":true,"focus":false,"held":0},"dir":"fe>be","tick":20,"type":"Input"}
{"data":{"agent":2,"rule":1,"target":0},"dir":"be>fe","tick":20,"type":"RuleFired"}
{"data":"350965776fe11d7e","dir":"be>fe","tick":20,"type":"StateHash"}
{"data":{"dx":0,"dy":0,"fire":true,"focus":false,"held":0},"dir":"fe>be","tick":21,"type":"Input"}
{"data":"4483134f43202c09","dir":"be>fe","tick":21,"type":"StateHash"}
{"data":{"dx":0,"dy":0,"fire":true,"focus":false,"held":0},"dir":"fe>be","tick":22,"type":"Input"}
{"data":"67e60a570dafaf75","dir":"be>fe","tick":22,"type":"StateHash"}
{"data":{"dx":0,"dy":0,"fire":true,"focus":false,"held":0},"dir":"fe>be","tick":23,"type":"Input"}
{"data":"d90cc820cf47fdc5","dir":"be>fe","tick":23,"type":"StateHash"}
{"data":{"dx":0,"dy":0,"fire":true,"focus":false,"held":0},"dir":"fe>be","tick":24,"type":"Input"}
{"data":"619cdec08fc890e1","dir":"be>fe","tick":24,"type":"StateHash"}
{"data":{"dx":0,"dy":0,"fire":true,"focus":false,"held":0},"dir":"fe>be","tick":25,"type":"Input"}
{"data":{"agent":2,"rule":2,"target":0},"dir":"be>fe","tick":25,"type":"RuleFired"}
{"data":"a64ca2a3b9745b32","dir":"be>fe","tick":25,"type":"StateHash"}
{"data":{"dx":0,"dy":0,"fire":true,"focus":false,"held":0},"dir":"fe>be","tick":26,"type":"Input"}
{"data":"94a15e83d3696101","dir":"be>fe","tick":26,"type":"StateHash"}
{"data":{"dx":0,"dy":0,"fire":true,"focus":false,"held":0},"dir":"fe>be","tick":27,"type":"Input"}
{"data":"d09644dc8e99d477","dir":"be>fe","tick":27,"type":"StateHash"}
{"data":{"dx":0,"dy":0,"fire":true,"focus":false,"held":0},"dir":"fe>be","tick":28,"type":"Input"}
{"data":"3f2b9d8300aea388","dir":"be>fe","tick":28,"type":"StateHash"}
{"data":{"dx":0,"dy":0,"fire":true,"focus":false,"held":0},"dir":"fe>be","tick":29,"type":"Input"}
{"data":"390a85566c422ef9","dir":"be>fe","tick":29,"type":"StateHash"}
{"data":{"dx":0,"dy":0,"fire":true,"focus":false,"held":0},"dir":"fe>be","tick":30,"type":"Input"}
{"data":"3a87dcfb38a1f272","dir":"be>fe","tick":30,"type":"StateHash"}
{"data":{"dx":0,"dy":0,"fire":true,"focus":false,"held":0},"dir":"fe>be","tick":31,"type":"Input"}
{"data":"300fbaaddba92f99","dir":"be>fe","tick":31,"type":"StateHash"}
{"data":{"dx":0,"dy":0,"fire":true,"focus":false,"held":0},"dir":"fe>be","tick":32,"type":"Input"}
{"data":"14fc64117ea3af9f","dir":"be>fe","tick":32,"type":"StateHash"}
{"data":{"dx":0,"dy":0,"fire":true,"focus":false,"held":0},"dir":"fe>be","tick":33,"type":"Input"}
{"data":"bef632794aebf9f9","dir":"be>fe","tick":33,"type":"StateHash"}
{"data":{"dx":0,"dy":0,"fire":true,"focus":false,"held":0},"dir":"fe>be","tick":34,"type":"Input"}
{"data":"290a01be9cb463da","dir":"be>fe","tick":34,"type":"StateHash"}
{"data":{"dx":0,"dy":0,"fire":true,"focus":false,"held":0},"dir":"fe>be","tick":35,"type":"Input"}
{"data":"062a74a10653f6e7","dir":"be>fe","tick":35,"type":"StateHash"}
{"data":{"dx":0,"dy":0,"fire":true,"focus":false,"held":0},"dir":"fe>be","tick":36,"type":"Input"}
{"data":"cdd135142ebb31d0","dir":"be>fe","tick":36,"type":"StateHash"}
{"data":{"dx":0,"dy":0,"fire":true,"focus":false,"held":0},"dir":"fe>be","tick":37,"type":"Input"}
{"data":{"agent":2,"rule":2,"target":0},"dir":"be>fe","tick":37,"type":"RuleFired"}
{"data":"5a8f0670689971ba","dir":"be>fe","tick":37,"type":"StateHash"}
{"data":{"dx":0,"dy":0,"fire":true,"focus":false,"held":0},"dir":"fe>be","tick":38,"type":"Input"}
{"data":"2f0dd84097e3e34e","dir":"be>fe","tick":38,"type":"StateHash"}
{"data":{"dx":0,"dy":0,"fire":true,"focus":false,"held":0},"dir":"fe>be","tick":39,"type":"Input"}
{"data":"cf58658d84278201","dir":"be>fe","tick":39,"type":"StateHash"}
{"data":{"dx":0,"dy":0,"fire":true,"focus":false,"held":0},"dir":"fe>be","tick":40,"type":"Input"}
{"data":"a51cec0b916c0cdd","dir":"be>fe","tick":40,"type":"StateHash"}
{"data":{"dx":0,"dy":0,"fire":true,"focus":false,"held":0},"dir":"fe>be","tick":41,"type":"Input"}
{"data":"fddaa11ee166a4d0","dir":"be>fe","tick":41,"type":"StateHash"}
{"data":{"dx":0,"dy":0,"fire":true,"focus":false,"held":0},"dir":"fe>be","tick":42,"type":"Input"}
{"data":{"damage":10,"source":0,"target":2},"dir":"be>fe","tick":42,"type":"Hit"}
{"data":"21abf5d7be72b38a","dir":"be>fe","tick":42,"type":"StateHash"}
{"data":{"dx":0,"dy":0,"fire":true,"focus":false,"held":0},"dir":"fe>be","tick":43,"type":"Input"}
{"data":"3d0b4582941eb6a1","dir":"be>fe","tick":43,"type":"StateHash"}
{"data":{"dx":0,"dy":0,"fire":true,"focus":false,"held":0},"dir":"fe>be","tick":44,"type":"Input"}
{"data":"ebf5a205f1f8068b","dir":"be>fe","tick":44,"type":"StateHash"}
{"data":{"dx":0,"dy":0,"fire":true,"focus":false,"held":0},"dir":"fe>be","tick":45,"type":"Input"}
{"data":"0f4b2e542198e64d","dir":"be>fe","tick":45,"type":"StateHash"}
{"data":{"dx":0,"dy":0,"fire":true,"focus":false,"held":0},"dir":"fe>be","tick":46,"type":"Input"}
{"data":"b13b21255db1eb1a","dir":"be>fe","tick":46,"type":"StateHash"}
{"data":{"dx":0,"dy":0,"fire":true,"focus":false,"held":0},"dir":"fe>be","tick":47,"type":"Input"}
{"data":"1b1f9e0e18a70ab6","dir":"be>fe","tick":47,"type":"StateHash"}
{"data":{"dx":0,"dy":0,"fire":true,"focus":false,"held":0},"dir":"fe>be","tick":48,"type":"Input"}
{"data":{"damage":10,"source":0,"target":2},"dir":"be>fe","tick":48,"type":"Hit"}
{"data":"efee5dbd71ff8f63","dir":"be>fe","tick":48,"type":"StateHash"}
{"data":{"dx":0,"dy":0,"fire":true,"focus":false,"held":0},"dir":"fe>be","tick":49,"type":"Input"}
{"data":{"agent":2,"rule":2,"target":0},"dir":"be>fe","tick":49,"type":"RuleFired"}
{"data":"f8ec44dc65bb038d","dir":"be>fe","tick":49,"type":"StateHash"}
{"data":{"dx":0,"dy":0,"fire":true,"focus":false,"held":0},"dir":"fe>be","tick":50,"type":"Input"}
{"data":"300b4909e8a9fbe9","dir":"be>fe","tick":50,"type":"StateHash"}
{"data":{"dx":0,"dy":0,"fire":true,"focus":false,"held":0},"dir":"fe>be","tick":51,"type":"Input"}
{"data":"49cbdb61a7818b62","dir":"be>fe","tick":51,"type":"StateHash"}
{"data":{"dx":0,"dy":0,"fire":true,"focus":false,"held":0},"dir":"fe>be","tick":52,"type":"Input"}
{"data":"c50de2aa4a8dc7fe","dir":"be>fe","tick":52,"type":"StateHash"}
{"data":{"dx":0,"dy":0,"fire":true,"focus":false,"held":0},"dir":"fe>be","tick":53,"type":"Input"}
{"data":"cf36ecb177a8b1d7","dir":"be>fe","tick":53,"type":"StateHash"}
{"data":{"dx":0,"dy":0,"fire":true,"focus":false,"held":0},"dir":"fe>be","tick":54,"type":"Input"}
{"data":{"damage":10,"source":0,"target":2},"dir":"be>fe","tick":54,"type":"Hit"}
{"data":"e9aea73e0c9e85bb","dir":"be>fe","tick":54,"type":"StateHash"}
{"data":{"dx":0,"dy":0,"fire":true,"focus":false,"held":0},"dir":"fe>be","tick":55,"type":"Input"}
{"data":"f014d38e2e14cce3","dir":"be>fe","tick":55,"type":"StateHash"}
{"data":{"dx":0,"dy":0,"fire":true,"focus":false,"held":0},"dir":"fe>be","tick":56,"type":"Input"}
{"data":"0d68d47d2b6e2c5e","dir":"be>fe","tick":56,"type":"StateHash"}
{"data":{"dx":0,"dy":0,"fire":true,"focus":false,"held":0},"dir":"fe>be","tick":57,"type":"Input"}
{"data":"97a2e37cffcd78ed","dir":"be>fe","tick":57,"type":"StateHash"}
{"data":{"dx":0,"dy":0,"fire":true,"focus":false,"held":0},"dir":"fe>be","tick":58,"type":"Input"}
{"data":"88c2a59a642ba479","dir":"be>fe","tick":58,"type":"StateHash"}
{"data":{"dx":0,"dy":0,"fire":true,"focus":false,"held":0},"dir":"fe>be","tick":59,"type":"Input"}
{"data":"8477184e61ee3f60","dir":"be>fe","tick":59,"type":"StateHash"}
{"data":{"dx":0,"dy":0,"fire":true,"focus":false,"held":0},"dir":"fe>be","tick":60,"type":"Input"}
{"data":{"damage":10,"source":0,"target":2},"dir":"be>fe","tick":60,"type":"Hit"}
{"data":"6f8e2370d0fd1e48","dir":"be>fe","tick":60,"type":"StateHash"}
{"data":{"dx":0,"dy":0,"fire":true,"focus":false,"held":0},"dir":"fe>be","tick":61,"type":"Input"}
{"data":{"agent":2,"rule":2,"target":0},"dir":"be>fe","tick":61,"type":"RuleFired"}
{"data":"f0ed97f9073438af","dir":"be>fe","tick":61,"type":"StateHash"}
{"data":{"dx":0,"dy":0,"fire":true,"focus":false,"held":0},"dir":"fe>be","tick":62,"type":"Input"}
{"data":"ae6e38750090f620","dir":"be>fe","tick":62,"type":"StateHash"}
{"data":{"dx":0,"dy":0,"fire":true,"focus":false,"held":0},"dir":"fe>be","tick":63,"type":"Input"}
{"data":"e5b9037f84b3fdee","dir":"be>fe","tick":63,"type":"StateHash"}
{"data":{"dx":0,"dy":0,"fire":true,"focus":false,"held":0},"dir":"fe>be","tick":64,"type":"Input"}
{"data":"d787d5e912dca735","dir":"be>fe","tick":64,"type":"StateHash"}
{"data":{"dx":0,"dy":0,"fire":true,"focus":false,"held":0},"dir":"fe>be","tick":65,"type":"Input"}
{"data":"b8ef7ce87d89e119","dir":"be>fe","tick":65,"type":"StateHash"}
{"data":{"dx":0,"dy":0,"fire":true,"focus":false,"held":0},"dir":"fe>be","tick":66,"type":"Input"}
{"data":{"damage":10,"source":0,"target":2},"dir":"be>fe","tick":66,"type":"Hit"}
{"data":"c83d9cdff9c40be0","dir":"be>fe","tick":66,"type":"StateHash"}
{"data":{"dx":0,"dy":0,"fire":true,"focus":false,"held":0},"dir":"fe>be","tick":67,"type":"Input"}
{"data":"e2dbba5c03710f3f","dir":"be>fe","tick":67,"type":"StateHash"}
{"data":{"dx":0,"dy":0,"fire":true,"focus":false,"held":0},"dir":"fe>be","tick":68,"type":"Input"}
{"data":"2a35110c1c939291","dir":"be>fe","tick":68,"type":"StateHash"}
{"data":{"dx":0,"dy":0,"fire":true,"focus":false,"held":0},"dir":"fe>be","tick":69,"type":"Input"}
{"data":"583798ff4a6064e3","dir":"be>fe","tick":69,"type":"StateHash"}
{"data":{"dx":0,"dy":0,"fire":true,"focus":false,"held":0},"dir":"fe>be","tick":70,"type":"Input"}
{"data":"dbc6bdb916e7a460","dir":"be>fe","tick":70,"type":"StateHash"}
{"data":{"dx":0,"dy":0,"fire":true,"focus":false,"held":0},"dir":"fe>be","tick":71,"type":"Input"}
{"data":"f1a521343103edd0","dir":"be>fe","tick":71,"type":"StateHash"}
{"data":{"dx":0,"dy":0,"fire":true,"focus":false,"held":0},"dir":"fe>be","tick":72,"type":"Input"}
{"data":{"damage":10,"source":0,"target":2},"dir":"be>fe","tick":72,"type":"Hit"}
{"data":"970a49c4e7c4cd11","dir":"be>fe","tick":72,"type":"StateHash"}
{"data":{"dx":0,"dy":0,"fire":true,"focus":false,"held":0},"dir":"fe>be","tick":73,"type":"Input"}
{"data":{"agent":2,"rule":2,"target":0},"dir":"be>fe","tick":73,"type":"RuleFired"}
{"data":"a377a88919e1d8f3","dir":"be>fe","tick":73,"type":"StateHash"}
{"data":{"dx":0,"dy":0,"fire":true,"focus":false,"held":0},"dir":"fe>be","tick":74,"type":"Input"}
{"data":"9b89d932b31eae7f","dir":"be>fe","tick":74,"type":"StateHash"}
{"data":{"dx":0,"dy":0,"fire":true,"focus":false,"held":0},"dir":"fe>be","tick":75,"type":"Input"}
{"data":"c6308231d368cef4","dir":"be>fe","tick":75,"type":"StateHash"}
{"data":{"dx":0,"dy":0,"fire":true,"focus":false,"held":0},"dir":"fe>be","tick":76,"type":"Input"}
{"data":"945f3de47d6ad9d0","dir":"be>fe","tick":76,"type":"StateHash"}
{"data":{"dx":0,"dy":0,"fire":true,"focus":false,"held":0},"dir":"fe>be","tick":77,"type":"Input"}
{"data":"22db8c0c252ce271","dir":"be>fe","tick":77,"type":"StateHash"}
{"data":{"dx":0,"dy":0,"fire":true,"focus":false,"held":0},"dir":"fe>be","tick":78,"type":"Input"}
{"data":{"damage":10,"source":0,"target":2},"dir":"be>fe","tick":78,"type":"Hit"}
{"data":"dca0cd7e33bc4eb1","dir":"be>fe","tick":78,"type":"StateHash"}
{"data":{"dx":0,"dy":0,"fire":true,"focus":false,"held":0},"dir":"fe>be","tick":79,"type":"Input"}
{"data":"6c3265b39bd7f705","dir":"be>fe","tick":79,"type":"StateHash"}
{"data":{"dx":0,"dy":0,"fire":true,"focus":false,"held":0},"dir":"fe>be","tick":80,"type":"Input"}
{"data":"50c0337dc5764218","dir":"be>fe","tick":80,"type":"StateHash"}
{"data":{"dx":0,"dy":0,"fire":true,"focus":false,"held":0},"dir":"fe>be","tick":81,"type":"Input"}
{"data":"d8c01bef952b0383","dir":"be>fe","tick":81,"type":"StateHash"}
{"data":{"dx":0,"dy":0,"fire":true,"focus":false,"held":0},"dir":"fe>be","tick":82,"type":"Input"}
{"data":"d46095c9823c3ddf","dir":"be>fe","tick":82,"type":"StateHash"}
{"data":{"dx":0,"dy":0,"fire":true,"focus":false,"held":0},"dir":"fe>be","tick":83,"type":"Input"}
{"data":"ca8c955153e57a46","dir":"be>fe","tick":83,"type":"StateHash"}
{"data":{"dx":0,"dy":0,"fire":true,"focus":false,"held":0},"dir":"fe>be","tick":84,"type":"Input"}
{"data":{"damage":10,"source":0,"target":2},"dir":"be>fe","tick":84,"type":"Hit"}
{"data":"8b88853c15ad7892","dir":"be>fe","tick":84,"type":"StateHash"}
{"data":{"dx":0,"dy":0,"fire":true,"focus":false,"held":0},"dir":"fe>be","tick":85,"type":"Input"}
{"data":{"agent":2,"rule":2,"target":0},"dir":"be>fe","tick":85,"type":"RuleFired"}
{"data":"8b2df8e99ebecb0d","dir":"be>fe","tick":85,"type":"StateHash"}
{"data":{"dx":0,"dy":0,"fire":true,"focus":false,"held":0},"dir":"fe>be","tick":86,"type":"Input"}
{"data":"c0a96d84d06980c6","dir":"be>fe","tick":86,"type":"StateHash"}
{"data":{"dx":0,"dy":0,"fire":true,"focus":false,"held":0},"dir":"fe>be","tick":87,"type":"Input"}
{"data":"68d0e44487938cb4","dir":"be>fe","tick":87,"type":"StateHash"}
{"data":{"dx":0,"dy":0,"fire":true,"focus":false,"held":0},"dir":"fe>be","tick":88,"type":"Input"}
{"data":"370ed0e2aa5c006b","dir":"be>fe","tick":88,"type":"StateHash"}
{"data":{"dx":0,"dy":0,"fire":true,"focus":false,"held":0},"dir":"fe>be","tick":89,"type":"Input"}
{"data":"b155f21be63d056b","dir":"be>fe","tick":89,"type":"StateHash"}
{"data":{"dx":0,"dy":0,"fire":true,"focus":false,"held":0},"dir":"fe>be","tick":90,"type":"Input"}
{"data":{"damage":10,"source":0,"target":2},"dir":"be>fe","tick":90,"type":"Hit"}
{"data":"13c702f64e85db56","dir":"be>fe","tick":90,"type":"StateHash"}
