---
source: tests/golden.rs
expression: recording
---
{"data":{"dx":0,"dy":0,"fire":true,"focus":false,"held":0},"dir":"fe>be","tick":1,"type":"Input"}
{"data":"b8b31903b2f9f4d1","dir":"be>fe","tick":1,"type":"StateHash"}
{"data":{"dx":0,"dy":0,"fire":true,"focus":false,"held":0},"dir":"fe>be","tick":2,"type":"Input"}
{"data":"d2556b76a5a07707","dir":"be>fe","tick":2,"type":"StateHash"}
{"data":{"dx":0,"dy":0,"fire":true,"focus":false,"held":0},"dir":"fe>be","tick":3,"type":"Input"}
{"data":"0a0a3bad0f3cc925","dir":"be>fe","tick":3,"type":"StateHash"}
{"data":{"dx":0,"dy":0,"fire":true,"focus":false,"held":0},"dir":"fe>be","tick":4,"type":"Input"}
{"data":"760b4ea207aa1997","dir":"be>fe","tick":4,"type":"StateHash"}
{"data":{"dx":0,"dy":0,"fire":true,"focus":false,"held":0},"dir":"fe>be","tick":5,"type":"Input"}
{"data":"5de8e36efea8d2e4","dir":"be>fe","tick":5,"type":"StateHash"}
{"data":{"dx":0,"dy":0,"fire":true,"focus":false,"held":0},"dir":"fe>be","tick":6,"type":"Input"}
{"data":"e5bf4832634fd6ba","dir":"be>fe","tick":6,"type":"StateHash"}
{"data":{"dx":0,"dy":0,"fire":true,"focus":false,"held":0},"dir":"fe>be","tick":7,"type":"Input"}
{"data":"643966671f296f41","dir":"be>fe","tick":7,"type":"StateHash"}
{"data":{"dx":0,"dy":0,"fire":false,"focus":false,"held":0},"dir":"fe>be","tick":8,"type":"Input"}
{"data":"f6e13cbde99bdee5","dir":"be>fe","tick":8,"type":"StateHash"}
{"data":{"dx":0,"dy":0,"fire":false,"focus":false,"held":0},"dir":"fe>be","tick":9,"type":"Input"}
{"data":"273a8bef55fc50bc","dir":"be>fe","tick":9,"type":"StateHash"}
{"data":{"dx":0,"dy":0,"fire":false,"focus":false,"held":0},"dir":"fe>be","tick":10,"type":"Input"}
{"data":"2c30429f4bad45d7","dir":"be>fe","tick":10,"type":"StateHash"}
{"data":{"dx":0,"dy":0,"fire":false,"focus":false,"held":0},"dir":"fe>be","tick":11,"type":"Input"}
{"data":"a67fd74ba90860c3","dir":"be>fe","tick":11,"type":"StateHash"}
{"data":{"dx":0,"dy":0,"fire":false,"focus":false,"held":0},"dir":"fe>be","tick":12,"type":"Input"}
{"data":"2c036ad85deaef02","dir":"be>fe","tick":12,"type":"StateHash"}
{"data":{"dx":0,"dy":0,"fire":false,"focus":false,"held":0},"dir":"fe>be","tick":13,"type":"Input"}
{"data":"ba806d551c4d4e96","dir":"be>fe","tick":13,"type":"StateHash"}
{"data":{"dx":0,"dy":0,"fire":false,"focus":false,"held":0},"dir":"fe>be","tick":14,"type":"Input"}
{"data":"03d6a9aeade4e89a","dir":"be>fe","tick":14,"type":"StateHash"}
{"data":{"dx":0,"dy":0,"fire":false,"focus":false,"held":0},"dir":"fe>be","tick":15,"type":"Input"}
{"data":"fad0ce8f7356820e","dir":"be>fe","tick":15,"type":"StateHash"}
{"data":{"dx":0,"dy":0,"fire":false,"focus":false,"held":0},"dir":"fe>be","tick":16,"type":"Input"}
{"data":"87cfdb22f9e69522","dir":"be>fe","tick":16,"type":"StateHash"}
{"data":{"dx":0,"dy":0,"fire":false,"focus":false,"held":0},"dir":"fe>be","tick":17,"type":"Input"}
{"data":"b968b98eb8b3fb1a","dir":"be>fe","tick":17,"type":"StateHash"}
{"data":{"dx":0,"dy":0,"fire":false,"focus":false,"held":0},"dir":"fe>be","tick":18,"type":"Input"}
{"data":"8218149dc3fbfe7a","dir":"be>fe","tick":18,"type":"StateHash"}
{"data":{"dx":0,"dy":0,"fire":false,"focus":false,"held":0},"dir":"fe>be","tick":19,"type":"Input"}
{"data":"c13f96998635e335","dir":"be>fe","tick":19,"type":"StateHash"}
{"data":{"dx":0,"dy":0,"fire":false,"focus":false,"held":0},"dir":"fe>be","tick":20,"type":"Input"}
{"data":"678a41363fb6a279","dir":"be>fe","tick":20,"type":"StateHash"}
{"data":{"dx":0,"dy":0,"fire":false,"focus":false,"held":0},"dir":"fe>be","tick":21,"type":"Input"}
{"data":"b0395d048f73ee35","dir":"be>fe","tick":21,"type":"StateHash"}
{"data":{"dx":0,"dy":0,"fire":false,"focus":false,"held":0},"dir":"fe>be","tick":22,"type":"Input"}
{"data":"232ba66e400a6e11","dir":"be>fe","tick":22,"type":"StateHash"}
{"data":{"dx":0,"dy":0,"fire":false,"focus":false,"held":0},"dir":"fe>be","tick":23,"type":"Input"}
{"data":"13bb420635ad5379","dir":"be>fe","tick":23,"type":"StateHash"}
{"data":{"dx":0,"dy":0,"fire":false,"focus":false,"held":0},"dir":"fe>be","tick":24,"type":"Input"}
{"data":"73032330cc480b01","dir":"be>fe","tick":24,"type":"StateHash"}
{"data":{"dx":0,"dy":0,"fire":false,"focus":false,"held":0},"dir":"fe>be","tick":25,"type":"Input"}
{"data":"22b09bc96ff3a601","dir":"be>fe","tick":25,"type":"StateHash"}
{"data":{"dx":0,"dy":0,"fire":false,"focus":false,"held":0},"dir":"fe>be","tick":26,"type":"Input"}
{"data":"60ced85f8aced429","dir":"be>fe","tick":26,"type":"StateHash"}
{"data":{"dx":0,"dy":0,"fire":false,"focus":false,"held":0},"dir":"fe>be","tick":27,"type":"Input"}
{"data":"31219b8975a1fb21","dir":"be>fe","tick":27,"type":"StateHash"}
{"data":{"dx":0,"dy":0,"fire":false,"focus":false,"held":0},"dir":"fe>be","tick":28,"type":"Input"}
{"data":"bba32402811c8245","dir":"be>fe","tick":28,"type":"StateHash"}
{"data":{"dx":0,"dy":0,"fire":false,"focus":false,"held":0},"dir":"fe>be","tick":29,"type":"Input"}
{"data":{"damage":10,"source":0,"target":1},"dir":"be>fe","tick":29,"type":"Hit"}
{"data":{"damage":10,"source":0,"target":1},"dir":"be>fe","tick":29,"type":"Hit"}
{"data":"7a0776ba236c386f","dir":"be>fe","tick":29,"type":"StateHash"}
{"data":{"dx":0,"dy":0,"fire":false,"focus":false,"held":0},"dir":"fe>be","tick":30,"type":"Input"}
{"data":"a1114628a2407c14","dir":"be>fe","tick":30,"type":"StateHash"}
{"data":{"dx":0,"dy":0,"fire":false,"focus":false,"held":0},"dir":"fe>be","tick":31,"type":"Input"}
{"data":"b3e8aaacb39cdf39","dir":"be>fe","tick":31,"type":"StateHash"}
{"data":{"dx":0,"dy":0,"fire":false,"focus":false,"held":0},"dir":"fe>be","tick":32,"type":"Input"}
{"data":"ff07adfe2f43d102","dir":"be>fe","tick":32,"type":"StateHash"}
{"data":{"dx":0,"dy":0,"fire":false,"focus":false,"held":0},"dir":"fe>be","tick":33,"type":"Input"}
{"data":{"damage":10,"source":0,"target":1},"dir":"be>fe","tick":33,"type":"Hit"}
{"data":"77fe0a35ce8a801a","dir":"be>fe","tick":33,"type":"StateHash"}
{"data":{"dx":0,"dy":0,"fire":false,"focus":false,"held":0},"dir":"fe>be","tick":34,"type":"Input"}
{"data":"616e7a1c50014f51","dir":"be>fe","tick":34,"type":"StateHash"}
{"data":{"dx":0,"dy":0,"fire":false,"focus":false,"held":0},"dir":"fe>be","tick":35,"type":"Input"}
{"data":{"damage":10,"source":0,"target":1},"dir":"be>fe","tick":35,"type":"Hit"}
{"data":{"damage":10,"source":0,"target":1},"dir":"be>fe","tick":35,"type":"Hit"}
{"data":"fc7adcfe353d68fe","dir":"be>fe","tick":35,"type":"StateHash"}
{"data":{"dx":0,"dy":0,"fire":false,"focus":false,"held":0},"dir":"fe>be","tick":36,"type":"Input"}
{"data":"fcc0050fea119b6b","dir":"be>fe","tick":36,"type":"StateHash"}
{"data":{"dx":0,"dy":0,"fire":false,"focus":false,"held":0},"dir":"fe>be","tick":37,"type":"Input"}
{"data":"d392897f82a662e8","dir":"be>fe","tick":37,"type":"StateHash"}
{"data":{"dx":0,"dy":0,"fire":false,"focus":false,"held":0},"dir":"fe>be","tick":38,"type":"Input"}
{"data":"394c1e3470219275","dir":"be>fe","tick":38,"type":"StateHash"}
{"data":{"dx":0,"dy":0,"fire":false,"focus":false,"held":0},"dir":"fe>be","tick":39,"type":"Input"}
{"data":{"damage":10,"source":0,"target":1},"dir":"be>fe","tick":39,"type":"Hit"}
{"data":"8bf890b72be40359","dir":"be>fe","tick":39,"type":"StateHash"}
{"data":{"dx":0,"dy":0,"fire":false,"focus":false,"held":0},"dir":"fe>be","tick":40,"type":"Input"}
{"data":"17ec5a2970e0222c","dir":"be>fe","tick":40,"type":"StateHash"}
